{"version": "1.4.0", "plugins_used": [{"name": "ArtifactoryDetector"}, {"name": "AWSKeyDetector"}, {"name": "AzureStorageKeyDetector"}, {"name": "BasicAuthDetector"}, {"name": "CloudantDetector"}, {"name": "GitHubTokenDetector"}, {"name": "IbmCloudIamDetector"}, {"name": "IbmCosHmacDetector"}, {"name": "JwtTokenDetector"}, {"name": "KeywordDetector"}, {"name": "MailchimpDetector"}, {"name": "NpmDetector"}, {"name": "PrivateKeyDetector"}, {"name": "SlackDetector"}, {"name": "SoftlayerDetector"}, {"name": "SquareOAuthDetector"}, {"name": "StripeDetector"}, {"name": "TwilioKeyDetector"}], "results": {}}
